<generatedTop> <k> val ( 1 ) </k> <store> 1 |-> litObj ( lit ( machInt ( 17 ) ) ) </store> <env> .Map </env> <exit-code> 0 </exit-code> </generatedTop>
