<generatedTop> <k> val ( 5 ) </k> <store> 1 |-> indirection ( 4 ) 2 |-> closure ( name ( a ) , lam ( tmVar ( [type omitted] , name ( b ) ) , app ( var ( tmVar ( [type omitted] , name ( a ) ) ) , var ( tmVar ( [type omitted] , name ( b ) ) ) ) ) , .Map ) 3 |-> indirection ( 7 ) 4 |-> closure ( name ( b ) , app ( var ( tmVar ( [type omitted] , name ( a ) ) ) , var ( tmVar ( [type omitted] , name ( b ) ) ) ) , name ( a ) |-> 3 ) 5 |-> litObj ( lit ( litInt ( 17 , [type omitted] ) ) ) 7 |-> closure ( name ( x ) , var ( tmVar ( [type omitted] , name ( x ) ) ) , .Map ) </store> <env> .Map </env> <exit-code> 0 </exit-code> </generatedTop>
